[backblue.gif]
[fade.gif]
[index.html]
[www.dr-erdogan.de/img/e1699.jpg]
[www.dr-erdogan.de/images/facebook-icon-240x240.png]
[www.dr-erdogan.de/index.html]
[www.dr-erdogan.de/styles/styles.css]
[www.dr-erdogan.de/styles/sequence-theme.modern-slide-in.css]
[www.dr-erdogan.de/scripts/lightbox.min.js]
[www.dr-erdogan.de/img/close.png]
[www.dr-erdogan.de/styles/lightbox.css]
[www.dr-erdogan.de/img/Erdo1kl.jpg]
[www.dr-erdogan.de/Kontakt.html]
[www.dr-erdogan.de/img/grafic.png]
[www.dr-erdogan.de/img/Team.jpg]
[www.dr-erdogan.de/Team.html]
[www.dr-erdogan.de/img/Erdogan.jpg]
[www.dr-erdogan.de/img/olga.jpg]
[www.dr-erdogan.de/Ueberuns.html]
[www.dr-erdogan.de/images/E_micro.jpg]
[www.dr-erdogan.de/Mikrochirurgie.html]
[www.dr-erdogan.de/Zahnaufhellung.html]
[www.dr-erdogan.de/Digital.html]
[www.dr-erdogan.de/Aestetic.html]
[www.dr-erdogan.de/Corona.html]
[www.dr-erdogan.de/img/erdo2kl.jpg]
[www.dr-erdogan.de/Impressum.html]
[www.dr-erdogan.de/Datenschutz.html]
[www.dr-erdogan.de/scripts/imagesloaded.pkgd.min.js]
[www.dr-erdogan.de/scripts/hammer.min.js]
[www.dr-erdogan.de/scripts/sequence.min.js]
[www.dr-erdogan.de/scripts/sequence-theme.modern-slide-in.js]
[www.dr-erdogan.de/styles/images/pfeil.html]
[www.dr-erdogan.de/images/mail-button.html]
[www.dr-erdogan.de/images/bg-sequence.html]
[www.dr-erdogan.de/images/bt-next.html]
[www.dr-erdogan.de/images/bt-prev.html]
[www.dr-erdogan.de/images/bt-next@2x.html]
[www.dr-erdogan.de/images/bt-prev@2x.html]
[www.dr-erdogan.de/img/loading.html]
[www.dr-erdogan.de/img/prev.html]
[www.dr-erdogan.de/img/next.html]
[www.dr-erdogan.de/Impressium.html]
[www.dr-erdogan.de/IMPRESSUM-2.html]
[www.dr-erdogan.de/DATENSCHUTZ-2.html]
